18:03:10.713 {main} INFO  o.s.t.c.s.AnnotationConfigContextLoaderUtils - Could not detect default configuration classes for test class [com.prakhar.ETEjournal.service.EmailServiceTests]: EmailServiceTests does not declare any static, non-private, non-final, nested classes annotated with @Configuration.
18:03:10.784 {main} INFO  o.s.b.t.c.SpringBootTestContextBootstrapper - Found @SpringBootConfiguration com.prakhar.ETEjournal.EtEjournalApplication for test class com.prakhar.ETEjournal.service.EmailServiceTests
18:03:10.829 {main} INFO  o.s.t.c.s.AnnotationConfigContextLoaderUtils - Could not detect default configuration classes for test class [com.prakhar.ETEjournal.service.EmailServiceTests]: EmailServiceTests does not declare any static, non-private, non-final, nested classes annotated with @Configuration.
18:03:10.830 {main} INFO  o.s.b.t.c.SpringBootTestContextBootstrapper - Found @SpringBootConfiguration com.prakhar.ETEjournal.EtEjournalApplication for test class com.prakhar.ETEjournal.service.EmailServiceTests
18:03:10.869 {main} INFO  o.s.b.d.r.RestartApplicationListener - Restart disabled due to context in which it is running
18:03:11.005 {restartedMain} INFO  c.p.ETEjournal.EtEjournalApplication - Starting EtEjournalApplication using Java 25.0.4 with PID 73037 (/Users/prakhar/Downloads/ETEjournal/target/classes started by prakhar in /Users/prakhar/Downloads/ETEjournal)
18:03:11.005 {restartedMain} INFO  c.p.ETEjournal.EtEjournalApplication - The following 1 profile is active: "prod"
18:03:11.053 {main} INFO  c.p.E.service.EmailServiceTests - Starting EmailServiceTests using Java 25.0.4 with PID 89798 (started by prakhar in /Users/prakhar/Downloads/ETEjournal)
18:03:11.053 {main} INFO  c.p.E.service.EmailServiceTests - The following 1 profile is active: "prod"
18:03:11.095 {restartedMain} INFO  o.s.d.r.c.RepositoryConfigurationDelegate - Bootstrapping Spring Data MongoDB repositories in DEFAULT mode.
18:03:11.102 {restartedMain} INFO  o.s.d.r.c.RepositoryConfigurationDelegate - Finished Spring Data repository scanning in 5 ms. Found 3 MongoDB repository interfaces.
18:03:11.147 {restartedMain} INFO  o.s.boot.tomcat.TomcatWebServer - Tomcat initialized with port 8080 (http)
18:03:11.148 {restartedMain} INFO  o.a.coyote.http11.Http11NioProtocol - Initializing ProtocolHandler ["http-nio-8080"]
18:03:11.148 {restartedMain} INFO  o.a.catalina.core.StandardService - Starting service [Tomcat]
18:03:11.148 {restartedMain} INFO  o.a.catalina.core.StandardEngine - Starting Servlet engine: [Apache Tomcat/11.0.22]
18:03:11.153 {restartedMain} INFO  o.s.b.w.c.s.WebApplicationContextInitializer - Root WebApplicationContext: initialization completed in 145 ms
18:03:11.438 {main} INFO  o.s.d.r.c.RepositoryConfigurationDelegate - Multiple Spring Data modules found, entering strict repository configuration mode
18:03:11.439 {main} INFO  o.s.d.r.c.RepositoryConfigurationDelegate - Bootstrapping Spring Data MongoDB repositories in DEFAULT mode.
18:03:11.524 {main} INFO  o.s.d.r.c.RepositoryConfigurationDelegate - Finished Spring Data repository scanning in 81 ms. Found 3 MongoDB repository interfaces.
18:03:11.552 {main} INFO  o.s.d.r.c.RepositoryConfigurationDelegate - Multiple Spring Data modules found, entering strict repository configuration mode
18:03:11.553 {main} INFO  o.s.d.r.c.RepositoryConfigurationDelegate - Bootstrapping Spring Data Redis repositories in DEFAULT mode.
18:03:11.560 {main} INFO  o.s.d.r.c.RepositoryConfigurationExtensionSupport - Spring Data Redis - Could not safely identify store assignment for repository candidate interface com.prakhar.ETEjournal.Repository.ConfigJournalAppRepository; If you want this repository to be a Redis repository, consider annotating your entities with one of these annotations: org.springframework.data.redis.core.RedisHash (preferred), or consider extending one of the following types with your repository: org.springframework.data.keyvalue.repository.KeyValueRepository
18:03:11.561 {main} INFO  o.s.d.r.c.RepositoryConfigurationExtensionSupport - Spring Data Redis - Could not safely identify store assignment for repository candidate interface com.prakhar.ETEjournal.Repository.JournalEntryRepository; If you want this repository to be a Redis repository, consider annotating your entities with one of these annotations: org.springframework.data.redis.core.RedisHash (preferred), or consider extending one of the following types with your repository: org.springframework.data.keyvalue.repository.KeyValueRepository
18:03:11.561 {main} INFO  o.s.d.r.c.RepositoryConfigurationExtensionSupport - Spring Data Redis - Could not safely identify store assignment for repository candidate interface com.prakhar.ETEjournal.Repository.UserRepository; If you want this repository to be a Redis repository, consider annotating your entities with one of these annotations: org.springframework.data.redis.core.RedisHash (preferred), or consider extending one of the following types with your repository: org.springframework.data.keyvalue.repository.KeyValueRepository
18:03:11.561 {main} INFO  o.s.d.r.c.RepositoryConfigurationDelegate - Finished Spring Data repository scanning in 3 ms. Found 0 Redis repository interfaces.
18:03:11.818 {cluster-ClusterId{value='6a84510770262beabedb0bfa', description='Cluster0'}-srv-cluster0.40nmpfs.mongodb.net} INFO  org.mongodb.driver.cluster - Adding discovered server ac-b4cwnqz-shard-00-00.40nmpfs.mongodb.net:27017 to client view of cluster
18:03:11.821 {main} INFO  org.mongodb.driver.client - MongoClient with metadata {"application": {"name": "Cluster0"}, "driver": {"name": "mongo-java-driver|spring-boot|sync", "version": "5.8.0"}, "os": {"type": "Darwin", "name": "Mac OS X", "architecture": "aarch64", "version": "26.6.1"}, "platform": "Java/Oracle Corporation/25.0.4+7-LTS-189"} created with settings MongoClientSettings{readPreference=primary, writeConcern=WriteConcern{w=null, wTimeout=null ms, journal=null}, retryWrites=true, retryReads=true, readConcern=ReadConcern{level=null}, credential=MongoCredential{mechanism=null, userName='prakharshahi9935_db_user', source='admin', password=<hidden>, mechanismProperties=<hidden>}, transportSettings=null, commandListeners=[], codecRegistry=ProvidersCodecRegistry{codecProviders=[ValueCodecProvider{}, BsonValueCodecProvider{}, DBRefCodecProvider{}, DBObjectCodecProvider{}, DocumentCodecProvider{}, CollectionCodecProvider{}, IterableCodecProvider{}, MapCodecProvider{}, GeoJsonCodecProvider{}, GridFSFileCodecProvider{}, Jsr310CodecProvider{}, JsonObjectCodecProvider{}, BsonCodecProvider{}, com.mongodb.client.model.mql.ExpressionCodecProvider@4070ace9, com.mongodb.Jep395RecordCodecProvider@722b2728, com.mongodb.KotlinCodecProvider@740c4868, EnumCodecProvider{}]}, loggerSettings=LoggerSettings{maxDocumentLength=1000}, clusterSettings={hosts=[127.0.0.1:27017], srvHost=cluster0.40nmpfs.mongodb.net, srvServiceName=mongodb, mode=MULTIPLE, requiredClusterType=REPLICA_SET, requiredReplicaSetName='atlas-fzl942-shard-0', serverSelector='null', clusterListeners='[]', serverSelectionTimeout='30000 ms', localThreshold='15 ms'}, socketSettings=SocketSettings{connectTimeoutMS=10000, readTimeoutMS=0, receiveBufferSize=0, proxySettings=ProxySettings{host=null, port=null, username=null, password=null}}, heartbeatSocketSettings=SocketSettings{connectTimeoutMS=10000, readTimeoutMS=10000, receiveBufferSize=0, proxySettings=ProxySettings{host=null, port=null, username=null, password=null}}, connectionPoolSettings=ConnectionPoolSettings{maxSize=100, minSize=0, maxWaitTimeMS=120000, maxConnectionLifeTimeMS=0, maxConnectionIdleTimeMS=0, maintenanceInitialDelayMS=0, maintenanceFrequencyMS=60000, connectionPoolListeners=[], maxConnecting=2}, serverSettings=ServerSettings{heartbeatFrequencyMS=10000, minHeartbeatFrequencyMS=500, serverMonitoringMode=AUTO, serverListeners='[]', serverMonitorListeners='[]'}, sslSettings=SslSettings{enabled=true, invalidHostNameAllowed=false, context=null}, applicationName='Cluster0', compressorList=[], uuidRepresentation=UNSPECIFIED, serverApi=null, autoEncryptionSettings=null, dnsClient=null, inetAddressResolver=null, contextProvider=null, timeoutMS=null}
18:03:11.835 {cluster-ClusterId{value='6a84510770262beabedb0bfa', description='Cluster0'}-srv-cluster0.40nmpfs.mongodb.net} INFO  org.mongodb.driver.cluster - Adding discovered server ac-b4cwnqz-shard-00-02.40nmpfs.mongodb.net:27017 to client view of cluster
18:03:11.836 {cluster-ClusterId{value='6a84510770262beabedb0bfa', description='Cluster0'}-srv-cluster0.40nmpfs.mongodb.net} INFO  org.mongodb.driver.cluster - Adding discovered server ac-b4cwnqz-shard-00-01.40nmpfs.mongodb.net:27017 to client view of cluster
18:03:12.030 {main} INFO  org.mongodb.driver.cluster - Waiting for server to become available for operation find with ID 5. Remaining time: 29996 ms. Selector: ReadPreferenceServerSelector{readPreference=primary}, topology description: {type=REPLICA_SET, servers=[{address=ac-b4cwnqz-shard-00-00.40nmpfs.mongodb.net:27017, type=UNKNOWN, state=CONNECTING}, {address=ac-b4cwnqz-shard-00-01.40nmpfs.mongodb.net:27017, type=UNKNOWN, state=CONNECTING}, {address=ac-b4cwnqz-shard-00-02.40nmpfs.mongodb.net:27017, type=UNKNOWN, state=CONNECTING}].
18:03:12.169 {cluster-6a84510770262beabedb0bfa-ac-b4cwnqz-shard-00-02.40nmpfs.mongodb.net:27017} INFO  org.mongodb.driver.cluster - Monitor thread successfully connected to server with description ServerDescription{address=ac-b4cwnqz-shard-00-02.40nmpfs.mongodb.net:27017, type=REPLICA_SET_PRIMARY, cryptd=false, state=CONNECTED, ok=true, minWireVersion=0, maxWireVersion=25, maxDocumentSize=16777216, logicalSessionTimeoutMinutes=30, roundTripTimeNanos=210368042, minRoundTripTimeNanos=0, setName='atlas-fzl942-shard-0', canonicalAddress=ac-b4cwnqz-shard-00-02.40nmpfs.mongodb.net:27017, hosts=[ac-b4cwnqz-shard-00-02.40nmpfs.mongodb.net:27017, ac-b4cwnqz-shard-00-01.40nmpfs.mongodb.net:27017, ac-b4cwnqz-shard-00-00.40nmpfs.mongodb.net:27017], passives=[], arbiters=[], primary='ac-b4cwnqz-shard-00-02.40nmpfs.mongodb.net:27017', tagSet=TagSet{[Tag{name='availabilityZone', value='aps1-az2'}, Tag{name='cacheState', value='READY'}, Tag{name='diskState', value='READY'}, Tag{name='nodeType', value='ELECTABLE'}, Tag{name='provider', value='AWS'}, Tag{name='region', value='AP_SOUTH_1'}, Tag{name='workloadType', value='OPERATIONAL'}]}, electionId=7fffffff0000000000000162, setVersion=374, topologyVersion=TopologyVersion{processId=6a7a33a9f52e0e3f522ec1b1, counter=10}, lastWriteDate=Tue Aug 18 18:03:12 IST 2026, lastUpdateTimeNanos=168804785674041}
18:03:12.169 {cluster-6a84510770262beabedb0bfa-ac-b4cwnqz-shard-00-01.40nmpfs.mongodb.net:27017} INFO  org.mongodb.driver.cluster - Monitor thread successfully connected to server with description ServerDescription{address=ac-b4cwnqz-shard-00-01.40nmpfs.mongodb.net:27017, type=REPLICA_SET_SECONDARY, cryptd=false, state=CONNECTED, ok=true, minWireVersion=0, maxWireVersion=25, maxDocumentSize=16777216, logicalSessionTimeoutMinutes=30, roundTripTimeNanos=211843250, minRoundTripTimeNanos=0, setName='atlas-fzl942-shard-0', canonicalAddress=ac-b4cwnqz-shard-00-01.40nmpfs.mongodb.net:27017, hosts=[ac-b4cwnqz-shard-00-02.40nmpfs.mongodb.net:27017, ac-b4cwnqz-shard-00-01.40nmpfs.mongodb.net:27017, ac-b4cwnqz-shard-00-00.40nmpfs.mongodb.net:27017], passives=[], arbiters=[], primary='ac-b4cwnqz-shard-00-02.40nmpfs.mongodb.net:27017', tagSet=TagSet{[Tag{name='availabilityZone', value='aps1-az3'}, Tag{name='cacheState', value='READY'}, Tag{name='diskState', value='READY'}, Tag{name='nodeType', value='ELECTABLE'}, Tag{name='provider', value='AWS'}, Tag{name='region', value='AP_SOUTH_1'}, Tag{name='workloadType', value='OPERATIONAL'}]}, electionId=null, setVersion=374, topologyVersion=TopologyVersion{processId=6a7a36471f03e2ad87172d12, counter=5}, lastWriteDate=Tue Aug 18 18:03:12 IST 2026, lastUpdateTimeNanos=168804785674041}
18:03:12.169 {cluster-6a84510770262beabedb0bfa-ac-b4cwnqz-shard-00-00.40nmpfs.mongodb.net:27017} INFO  org.mongodb.driver.cluster - Monitor thread successfully connected to server with description ServerDescription{address=ac-b4cwnqz-shard-00-00.40nmpfs.mongodb.net:27017, type=REPLICA_SET_SECONDARY, cryptd=false, state=CONNECTED, ok=true, minWireVersion=0, maxWireVersion=25, maxDocumentSize=16777216, logicalSessionTimeoutMinutes=30, roundTripTimeNanos=208579167, minRoundTripTimeNanos=0, setName='atlas-fzl942-shard-0', canonicalAddress=ac-b4cwnqz-shard-00-00.40nmpfs.mongodb.net:27017, hosts=[ac-b4cwnqz-shard-00-02.40nmpfs.mongodb.net:27017, ac-b4cwnqz-shard-00-01.40nmpfs.mongodb.net:27017, ac-b4cwnqz-shard-00-00.40nmpfs.mongodb.net:27017], passives=[], arbiters=[], primary='ac-b4cwnqz-shard-00-02.40nmpfs.mongodb.net:27017', tagSet=TagSet{[Tag{name='availabilityZone', value='aps1-az1'}, Tag{name='cacheState', value='READY'}, Tag{name='diskState', value='READY'}, Tag{name='nodeType', value='ELECTABLE'}, Tag{name='provider', value='AWS'}, Tag{name='region', value='AP_SOUTH_1'}, Tag{name='workloadType', value='OPERATIONAL'}]}, electionId=null, setVersion=374, topologyVersion=TopologyVersion{processId=6a7a3120dcd7f05a3d5ce9cd, counter=11}, lastWriteDate=Tue Aug 18 18:03:12 IST 2026, lastUpdateTimeNanos=168804785696875}
18:03:12.171 {cluster-6a84510770262beabedb0bfa-ac-b4cwnqz-shard-00-02.40nmpfs.mongodb.net:27017} INFO  org.mongodb.driver.cluster - Discovered replica set primary ac-b4cwnqz-shard-00-02.40nmpfs.mongodb.net:27017 with max election id 7fffffff0000000000000162 and max set version 374
18:03:12.180 {restartedMain} INFO  org.mongodb.driver.client - MongoClient with metadata {"application": {"name": "Cluster0"}, "driver": {"name": "mongo-java-driver|spring-boot|sync", "version": "5.8.0"}, "os": {"type": "Darwin", "name": "Mac OS X", "architecture": "aarch64", "version": "26.6.1"}, "platform": "Java/Oracle Corporation/25.0.4+7-LTS-189"} created with settings MongoClientSettings{readPreference=primary, writeConcern=WriteConcern{w=null, wTimeout=null ms, journal=null}, retryWrites=true, retryReads=true, readConcern=ReadConcern{level=null}, credential=MongoCredential{mechanism=null, userName='prakharshahi9935_db_user', source='admin', password=<hidden>, mechanismProperties=<hidden>}, transportSettings=null, commandListeners=[], codecRegistry=ProvidersCodecRegistry{codecProviders=[ValueCodecProvider{}, BsonValueCodecProvider{}, DBRefCodecProvider{}, DBObjectCodecProvider{}, DocumentCodecProvider{}, CollectionCodecProvider{}, IterableCodecProvider{}, MapCodecProvider{}, GeoJsonCodecProvider{}, GridFSFileCodecProvider{}, Jsr310CodecProvider{}, JsonObjectCodecProvider{}, BsonCodecProvider{}, com.mongodb.client.model.mql.ExpressionCodecProvider@123f63b9, com.mongodb.Jep395RecordCodecProvider@2a582869, com.mongodb.KotlinCodecProvider@d781038, EnumCodecProvider{}]}, loggerSettings=LoggerSettings{maxDocumentLength=1000}, clusterSettings={hosts=[127.0.0.1:27017], srvHost=cluster0.40nmpfs.mongodb.net, srvServiceName=mongodb, mode=MULTIPLE, requiredClusterType=REPLICA_SET, requiredReplicaSetName='atlas-fzl942-shard-0', serverSelector='null', clusterListeners='[]', serverSelectionTimeout='30000 ms', localThreshold='15 ms'}, socketSettings=SocketSettings{connectTimeoutMS=10000, readTimeoutMS=0, receiveBufferSize=0, proxySettings=ProxySettings{host=null, port=null, username=null, password=null}}, heartbeatSocketSettings=SocketSettings{connectTimeoutMS=10000, readTimeoutMS=10000, receiveBufferSize=0, proxySettings=ProxySettings{host=null, port=null, username=null, password=null}}, connectionPoolSettings=ConnectionPoolSettings{maxSize=100, minSize=0, maxWaitTimeMS=120000, maxConnectionLifeTimeMS=0, maxConnectionIdleTimeMS=0, maintenanceInitialDelayMS=0, maintenanceFrequencyMS=60000, connectionPoolListeners=[], maxConnecting=2}, serverSettings=ServerSettings{heartbeatFrequencyMS=10000, minHeartbeatFrequencyMS=500, serverMonitoringMode=AUTO, serverListeners='[]', serverMonitorListeners='[]'}, sslSettings=SslSettings{enabled=true, invalidHostNameAllowed=false, context=null}, applicationName='Cluster0', compressorList=[], uuidRepresentation=UNSPECIFIED, serverApi=null, autoEncryptionSettings=null, dnsClient=null, inetAddressResolver=null, contextProvider=null, timeoutMS=null}
18:03:12.184 {cluster-ClusterId{value='6a845108aa302ad689ed5a23', description='Cluster0'}-srv-cluster0.40nmpfs.mongodb.net} INFO  org.mongodb.driver.cluster - Adding discovered server ac-b4cwnqz-shard-00-00.40nmpfs.mongodb.net:27017 to client view of cluster
18:03:12.185 {cluster-ClusterId{value='6a845108aa302ad689ed5a23', description='Cluster0'}-srv-cluster0.40nmpfs.mongodb.net} INFO  org.mongodb.driver.cluster - Adding discovered server ac-b4cwnqz-shard-00-02.40nmpfs.mongodb.net:27017 to client view of cluster
18:03:12.185 {cluster-ClusterId{value='6a845108aa302ad689ed5a23', description='Cluster0'}-srv-cluster0.40nmpfs.mongodb.net} INFO  org.mongodb.driver.cluster - Adding discovered server ac-b4cwnqz-shard-00-01.40nmpfs.mongodb.net:27017 to client view of cluster
18:03:12.211 {restartedMain} INFO  org.mongodb.driver.cluster - Waiting for server to become available for operation find with ID 6572. Remaining time: 29999 ms. Selector: ReadPreferenceServerSelector{readPreference=primary}, topology description: {type=REPLICA_SET, servers=[{address=ac-b4cwnqz-shard-00-00.40nmpfs.mongodb.net:27017, type=UNKNOWN, state=CONNECTING}, {address=ac-b4cwnqz-shard-00-01.40nmpfs.mongodb.net:27017, type=UNKNOWN, state=CONNECTING}, {address=ac-b4cwnqz-shard-00-02.40nmpfs.mongodb.net:27017, type=UNKNOWN, state=CONNECTING}].
18:03:12.262 {cluster-6a845108aa302ad689ed5a23-ac-b4cwnqz-shard-00-01.40nmpfs.mongodb.net:27017} INFO  org.mongodb.driver.cluster - Monitor thread successfully connected to server with description ServerDescription{address=ac-b4cwnqz-shard-00-01.40nmpfs.mongodb.net:27017, type=REPLICA_SET_SECONDARY, cryptd=false, state=CONNECTED, ok=true, minWireVersion=0, maxWireVersion=25, maxDocumentSize=16777216, logicalSessionTimeoutMinutes=30, roundTripTimeNanos=51966292, minRoundTripTimeNanos=0, setName='atlas-fzl942-shard-0', canonicalAddress=ac-b4cwnqz-shard-00-01.40nmpfs.mongodb.net:27017, hosts=[ac-b4cwnqz-shard-00-02.40nmpfs.mongodb.net:27017, ac-b4cwnqz-shard-00-01.40nmpfs.mongodb.net:27017, ac-b4cwnqz-shard-00-00.40nmpfs.mongodb.net:27017], passives=[], arbiters=[], primary='ac-b4cwnqz-shard-00-02.40nmpfs.mongodb.net:27017', tagSet=TagSet{[Tag{name='availabilityZone', value='aps1-az3'}, Tag{name='cacheState', value='READY'}, Tag{name='diskState', value='READY'}, Tag{name='nodeType', value='ELECTABLE'}, Tag{name='provider', value='AWS'}, Tag{name='region', value='AP_SOUTH_1'}, Tag{name='workloadType', value='OPERATIONAL'}]}, electionId=null, setVersion=374, topologyVersion=TopologyVersion{processId=6a7a36471f03e2ad87172d12, counter=5}, lastWriteDate=Tue Aug 18 18:03:12 IST 2026, lastUpdateTimeNanos=168804882005208}
18:03:12.263 {cluster-6a845108aa302ad689ed5a23-ac-b4cwnqz-shard-00-00.40nmpfs.mongodb.net:27017} INFO  org.mongodb.driver.cluster - Monitor thread successfully connected to server with description ServerDescription{address=ac-b4cwnqz-shard-00-00.40nmpfs.mongodb.net:27017, type=REPLICA_SET_SECONDARY, cryptd=false, state=CONNECTED, ok=true, minWireVersion=0, maxWireVersion=25, maxDocumentSize=16777216, logicalSessionTimeoutMinutes=30, roundTripTimeNanos=51855542, minRoundTripTimeNanos=0, setName='atlas-fzl942-shard-0', canonicalAddress=ac-b4cwnqz-shard-00-00.40nmpfs.mongodb.net:27017, hosts=[ac-b4cwnqz-shard-00-02.40nmpfs.mongodb.net:27017, ac-b4cwnqz-shard-00-01.40nmpfs.mongodb.net:27017, ac-b4cwnqz-shard-00-00.40nmpfs.mongodb.net:27017], passives=[], arbiters=[], primary='ac-b4cwnqz-shard-00-02.40nmpfs.mongodb.net:27017', tagSet=TagSet{[Tag{name='availabilityZone', value='aps1-az1'}, Tag{name='cacheState', value='READY'}, Tag{name='diskState', value='READY'}, Tag{name='nodeType', value='ELECTABLE'}, Tag{name='provider', value='AWS'}, Tag{name='region', value='AP_SOUTH_1'}, Tag{name='workloadType', value='OPERATIONAL'}]}, electionId=null, setVersion=374, topologyVersion=TopologyVersion{processId=6a7a3120dcd7f05a3d5ce9cd, counter=11}, lastWriteDate=Tue Aug 18 18:03:12 IST 2026, lastUpdateTimeNanos=168804882005208}
18:03:12.269 {cluster-6a845108aa302ad689ed5a23-ac-b4cwnqz-shard-00-02.40nmpfs.mongodb.net:27017} INFO  org.mongodb.driver.cluster - Monitor thread successfully connected to server with description ServerDescription{address=ac-b4cwnqz-shard-00-02.40nmpfs.mongodb.net:27017, type=REPLICA_SET_PRIMARY, cryptd=false, state=CONNECTED, ok=true, minWireVersion=0, maxWireVersion=25, maxDocumentSize=16777216, logicalSessionTimeoutMinutes=30, roundTripTimeNanos=58624958, minRoundTripTimeNanos=0, setName='atlas-fzl942-shard-0', canonicalAddress=ac-b4cwnqz-shard-00-02.40nmpfs.mongodb.net:27017, hosts=[ac-b4cwnqz-shard-00-02.40nmpfs.mongodb.net:27017, ac-b4cwnqz-shard-00-01.40nmpfs.mongodb.net:27017, ac-b4cwnqz-shard-00-00.40nmpfs.mongodb.net:27017], passives=[], arbiters=[], primary='ac-b4cwnqz-shard-00-02.40nmpfs.mongodb.net:27017', tagSet=TagSet{[Tag{name='availabilityZone', value='aps1-az2'}, Tag{name='cacheState', value='READY'}, Tag{name='diskState', value='READY'}, Tag{name='nodeType', value='ELECTABLE'}, Tag{name='provider', value='AWS'}, Tag{name='region', value='AP_SOUTH_1'}, Tag{name='workloadType', value='OPERATIONAL'}]}, electionId=7fffffff0000000000000162, setVersion=374, topologyVersion=TopologyVersion{processId=6a7a33a9f52e0e3f522ec1b1, counter=10}, lastWriteDate=Tue Aug 18 18:03:12 IST 2026, lastUpdateTimeNanos=168804888691458}
18:03:12.269 {cluster-6a845108aa302ad689ed5a23-ac-b4cwnqz-shard-00-02.40nmpfs.mongodb.net:27017} INFO  org.mongodb.driver.cluster - Discovered replica set primary ac-b4cwnqz-shard-00-02.40nmpfs.mongodb.net:27017 with max election id 7fffffff0000000000000162 and max set version 374
18:03:12.483 {restartedMain} WARN  o.s.b.w.s.s.c.AnnotationConfigServletWebServerApplicationContext - Exception encountered during context initialization - cancelling refresh attempt: org.springframework.beans.factory.BeanCreationException: Error creating bean with name 'emailService' defined in file [/Users/prakhar/Downloads/ETEjournal/target/classes/com/prakhar/ETEjournal/Service/EmailService.class]: Post-processing of merged bean definition failed
18:03:12.509 {restartedMain} INFO  o.a.catalina.core.StandardService - Stopping service [Tomcat]
18:03:12.512 {restartedMain} INFO  o.s.b.a.l.ConditionEvaluationReportLogger - 

Error starting ApplicationContext. To display the condition evaluation report re-run your application with 'debug' enabled.
18:03:12.512 {restartedMain} ERROR o.s.boot.SpringApplication - Application run failed
org.springframework.beans.factory.BeanCreationException: Error creating bean with name 'emailService' defined in file [/Users/prakhar/Downloads/ETEjournal/target/classes/com/prakhar/ETEjournal/Service/EmailService.class]: Post-processing of merged bean definition failed
	at org.springframework.beans.factory.support.AbstractAutowireCapableBeanFactory.doCreateBean(AbstractAutowireCapableBeanFactory.java:580)
	at org.springframework.beans.factory.support.AbstractAutowireCapableBeanFactory.createBean(AbstractAutowireCapableBeanFactory.java:525)
	at org.springframework.beans.factory.support.AbstractBeanFactory.lambda$doGetBean$0(AbstractBeanFactory.java:333)
	at org.springframework.beans.factory.support.DefaultSingletonBeanRegistry.getSingleton(DefaultSingletonBeanRegistry.java:371)
	at org.springframework.beans.factory.support.AbstractBeanFactory.doGetBean(AbstractBeanFactory.java:331)
	at org.springframework.beans.factory.support.AbstractBeanFactory.getBean(AbstractBeanFactory.java:196)
	at org.springframework.beans.factory.support.DefaultListableBeanFactory.instantiateSingleton(DefaultListableBeanFactory.java:1225)
	at org.springframework.beans.factory.support.DefaultListableBeanFactory.preInstantiateSingleton(DefaultListableBeanFactory.java:1191)
	at org.springframework.beans.factory.support.DefaultListableBeanFactory.preInstantiateSingletons(DefaultListableBeanFactory.java:1121)
	at org.springframework.context.support.AbstractApplicationContext.finishBeanFactoryInitialization(AbstractApplicationContext.java:994)
	at org.springframework.context.support.AbstractApplicationContext.refresh(AbstractApplicationContext.java:621)
	at org.springframework.boot.web.server.servlet.context.ServletWebServerApplicationContext.refresh(ServletWebServerApplicationContext.java:143)
	at org.springframework.boot.SpringApplication.refresh(SpringApplication.java:756)
	at org.springframework.boot.SpringApplication.refreshContext(SpringApplication.java:445)
	at org.springframework.boot.SpringApplication.run(SpringApplication.java:321)
	at org.springframework.boot.SpringApplication.run(SpringApplication.java:1365)
	at org.springframework.boot.SpringApplication.run(SpringApplication.java:1354)
	at com.prakhar.ETEjournal.EtEjournalApplication.main(EtEjournalApplication.java:19)
	at java.base/jdk.internal.reflect.DirectMethodHandleAccessor.invoke(DirectMethodHandleAccessor.java:104)
	at java.base/java.lang.reflect.Method.invoke(Method.java:565)
	at org.springframework.boot.devtools.restart.RestartLauncher.run(RestartLauncher.java:52)
Caused by: java.lang.IllegalStateException: Failed to introspect Class [com.prakhar.ETEjournal.Service.EmailService] from ClassLoader [org.springframework.boot.devtools.restart.classloader.RestartClassLoader@331db4d6]
	at org.springframework.util.ReflectionUtils.getDeclaredFields(ReflectionUtils.java:756)
	at org.springframework.util.ReflectionUtils.doWithLocalFields(ReflectionUtils.java:689)
	at org.springframework.context.annotation.CommonAnnotationBeanPostProcessor.buildResourceMetadata(CommonAnnotationBeanPostProcessor.java:407)
	at org.springframework.context.annotation.CommonAnnotationBeanPostProcessor.findResourceMetadata(CommonAnnotationBeanPostProcessor.java:388)
	at org.springframework.context.annotation.CommonAnnotationBeanPostProcessor.postProcessMergedBeanDefinition(CommonAnnotationBeanPostProcessor.java:291)
	at org.springframework.beans.factory.support.AbstractAutowireCapableBeanFactory.applyMergedBeanDefinitionPostProcessors(AbstractAutowireCapableBeanFactory.java:1112)
	at org.springframework.beans.factory.support.AbstractAutowireCapableBeanFactory.doCreateBean(AbstractAutowireCapableBeanFactory.java:577)
	... 20 common frames omitted
Caused by: java.lang.NoClassDefFoundError: org/springframework/mail/javamail/JavaMailSender
	at java.base/java.lang.Class.getDeclaredFields0(Native Method)
	at java.base/java.lang.Class.privateGetDeclaredFields(Class.java:2917)
	at java.base/java.lang.Class.getDeclaredFields(Class.java:2247)
	at org.springframework.util.ReflectionUtils.getDeclaredFields(ReflectionUtils.java:751)
	... 26 common frames omitted
Caused by: java.lang.ClassNotFoundException: org.springframework.mail.javamail.JavaMailSender
	at java.base/jdk.internal.loader.BuiltinClassLoader.loadClass(BuiltinClassLoader.java:580)
	at java.base/java.lang.ClassLoader.loadClass(ClassLoader.java:490)
	at java.base/java.lang.Class.forName0(Native Method)
	at java.base/java.lang.Class.forName(Class.java:547)
	at org.springframework.boot.devtools.restart.classloader.RestartClassLoader.loadClass(RestartClassLoader.java:123)
	at java.base/java.lang.ClassLoader.loadClass(ClassLoader.java:490)
	... 30 common frames omitted
18:03:12.589 {main} INFO  o.s.s.c.a.a.c.InitializeAuthenticationProviderBeanManagerConfigurer$InitializeAuthenticationProviderManagerConfigurer - Global AuthenticationManager configured with AuthenticationProvider bean with name authenticationProvider
18:03:12.590 {main} WARN  o.s.s.c.a.a.c.InitializeUserDetailsBeanManagerConfigurer$InitializeUserDetailsManagerConfigurer - Global AuthenticationManager configured with an AuthenticationProvider bean. UserDetailsService beans will not be used by Spring Security for automatically configuring username/password login. Consider removing the AuthenticationProvider bean. Alternatively, consider using the UserDetailsService in a manually instantiated DaoAuthenticationProvider. If the current configuration is intentional, to turn off this warning, increase the logging level of 'org.springframework.security.config.annotation.authentication.configuration.InitializeUserDetailsBeanManagerConfigurer' to ERROR
18:03:12.871 {main} WARN  i.n.r.d.DnsServerAddressStreamProviders - Can not find io.netty.resolver.dns.macos.MacOSDnsServerAddressStreamProvider in the classpath, fallback to system defaults. This may result in incorrect DNS resolutions on MacOS. Check whether you have a dependency on 'io.netty:netty-resolver-dns-native-macos'
18:03:13.090 {main} INFO  c.p.E.service.EmailServiceTests - Started EmailServiceTests in 2.225 seconds (process running for 3.028)
