01:15:05.821 {cluster-6a836181ef3705dae1796511-ac-b4cwnqz-shard-00-00.40nmpfs.mongodb.net:27017} INFO  org.mongodb.driver.cluster - Monitor thread successfully connected to server with description ServerDescription{address=ac-b4cwnqz-shard-00-00.40nmpfs.mongodb.net:27017, type=REPLICA_SET_SECONDARY, cryptd=false, state=CONNECTED, ok=true, minWireVersion=0, maxWireVersion=25, maxDocumentSize=16777216, logicalSessionTimeoutMinutes=30, roundTripTimeNanos=101164500, minRoundTripTimeNanos=0, setName='atlas-fzl942-shard-0', canonicalAddress=ac-b4cwnqz-shard-00-00.40nmpfs.mongodb.net:27017, hosts=[ac-b4cwnqz-shard-00-02.40nmpfs.mongodb.net:27017, ac-b4cwnqz-shard-00-01.40nmpfs.mongodb.net:27017, ac-b4cwnqz-shard-00-00.40nmpfs.mongodb.net:27017], passives=[], arbiters=[], primary='ac-b4cwnqz-shard-00-02.40nmpfs.mongodb.net:27017', tagSet=TagSet{[Tag{name='availabilityZone', value='aps1-az1'}, Tag{name='cacheState', value='READY'}, Tag{name='diskState', value='READY'}, Tag{name='nodeType', value='ELECTABLE'}, Tag{name='provider', value='AWS'}, Tag{name='region', value='AP_SOUTH_1'}, Tag{name='workloadType', value='OPERATIONAL'}]}, electionId=null, setVersion=374, topologyVersion=TopologyVersion{processId=6a7a3120dcd7f05a3d5ce9cd, counter=11}, lastWriteDate=Tue Aug 18 01:15:05 IST 2026, lastUpdateTimeNanos=142425516327000}
01:15:28.893 {cluster-6a836181ef3705dae1796511-ac-b4cwnqz-shard-00-02.40nmpfs.mongodb.net:27017} INFO  org.mongodb.driver.cluster - Exception in monitor thread while connecting to server ac-b4cwnqz-shard-00-02.40nmpfs.mongodb.net:27017
com.mongodb.MongoSocketReadTimeoutException: Timeout while receiving message
	at com.mongodb.internal.connection.InternalStreamConnection.createReadTimeoutException(InternalStreamConnection.java:937)
	at com.mongodb.internal.connection.InternalStreamConnection.translateReadException(InternalStreamConnection.java:925)
	at com.mongodb.internal.connection.InternalStreamConnection.receiveResponseBuffers(InternalStreamConnection.java:975)
	at com.mongodb.internal.connection.InternalStreamConnection.receiveCommandMessageResponse(InternalStreamConnection.java:567)
	at com.mongodb.internal.connection.InternalStreamConnection.receive(InternalStreamConnection.java:519)
	at com.mongodb.internal.connection.DefaultServerMonitor$ServerMonitor.doHeartbeat(DefaultServerMonitor.java:311)
	at com.mongodb.internal.connection.DefaultServerMonitor$ServerMonitor.lookupServerDescription(DefaultServerMonitor.java:262)
	at com.mongodb.internal.connection.DefaultServerMonitor$ServerMonitor.run(DefaultServerMonitor.java:203)
Caused by: java.net.SocketTimeoutException: Read timed out
	at java.base/sun.nio.ch.NioSocketImpl.timedRead(NioSocketImpl.java:277)
	at java.base/sun.nio.ch.NioSocketImpl.implRead(NioSocketImpl.java:302)
	at java.base/sun.nio.ch.NioSocketImpl.read(NioSocketImpl.java:354)
	at java.base/sun.nio.ch.NioSocketImpl$1.read(NioSocketImpl.java:798)
	at java.base/java.net.Socket$SocketInputStream.implRead(Socket.java:974)
	at java.base/java.net.Socket$SocketInputStream.read(Socket.java:964)
	at java.base/sun.security.ssl.SSLSocketInputRecord.read(SSLSocketInputRecord.java:489)
	at java.base/sun.security.ssl.SSLSocketInputRecord.readHeader(SSLSocketInputRecord.java:483)
	at java.base/sun.security.ssl.SSLSocketInputRecord.bytesInCompletePacket(SSLSocketInputRecord.java:70)
	at java.base/sun.security.ssl.SSLSocketImpl.readApplicationRecord(SSLSocketImpl.java:1461)
	at java.base/sun.security.ssl.SSLSocketImpl$AppInputStream.read(SSLSocketImpl.java:1068)
	at com.mongodb.internal.connection.SocketStream.read(SocketStream.java:182)
	at com.mongodb.internal.connection.InternalStreamConnection.receiveResponseBuffers(InternalStreamConnection.java:942)
	... 5 common frames omitted
01:15:29.166 {cluster-6a836181ef3705dae1796511-ac-b4cwnqz-shard-00-02.40nmpfs.mongodb.net:27017} INFO  org.mongodb.driver.cluster - Monitor thread successfully connected to server with description ServerDescription{address=ac-b4cwnqz-shard-00-02.40nmpfs.mongodb.net:27017, type=REPLICA_SET_PRIMARY, cryptd=false, state=CONNECTED, ok=true, minWireVersion=0, maxWireVersion=25, maxDocumentSize=16777216, logicalSessionTimeoutMinutes=30, roundTripTimeNanos=111420458, minRoundTripTimeNanos=0, setName='atlas-fzl942-shard-0', canonicalAddress=ac-b4cwnqz-shard-00-02.40nmpfs.mongodb.net:27017, hosts=[ac-b4cwnqz-shard-00-02.40nmpfs.mongodb.net:27017, ac-b4cwnqz-shard-00-01.40nmpfs.mongodb.net:27017, ac-b4cwnqz-shard-00-00.40nmpfs.mongodb.net:27017], passives=[], arbiters=[], primary='ac-b4cwnqz-shard-00-02.40nmpfs.mongodb.net:27017', tagSet=TagSet{[Tag{name='availabilityZone', value='aps1-az2'}, Tag{name='cacheState', value='READY'}, Tag{name='diskState', value='READY'}, Tag{name='nodeType', value='ELECTABLE'}, Tag{name='provider', value='AWS'}, Tag{name='region', value='AP_SOUTH_1'}, Tag{name='workloadType', value='OPERATIONAL'}]}, electionId=7fffffff0000000000000162, setVersion=374, topologyVersion=TopologyVersion{processId=6a7a33a9f52e0e3f522ec1b1, counter=10}, lastWriteDate=Tue Aug 18 01:15:29 IST 2026, lastUpdateTimeNanos=142435508572083}
01:15:29.166 {cluster-6a836181ef3705dae1796511-ac-b4cwnqz-shard-00-02.40nmpfs.mongodb.net:27017} INFO  org.mongodb.driver.cluster - Discovered replica set primary ac-b4cwnqz-shard-00-02.40nmpfs.mongodb.net:27017 with max election id 7fffffff0000000000000162 and max set version 374
01:15:35.593 {cluster-6a836181ef3705dae1796511-ac-b4cwnqz-shard-00-01.40nmpfs.mongodb.net:27017} INFO  org.mongodb.driver.cluster - Exception in monitor thread while connecting to server ac-b4cwnqz-shard-00-01.40nmpfs.mongodb.net:27017
com.mongodb.MongoSocketReadTimeoutException: Timeout while receiving message
	at com.mongodb.internal.connection.InternalStreamConnection.createReadTimeoutException(InternalStreamConnection.java:937)
	at com.mongodb.internal.connection.InternalStreamConnection.translateReadException(InternalStreamConnection.java:925)
	at com.mongodb.internal.connection.InternalStreamConnection.receiveResponseBuffers(InternalStreamConnection.java:975)
	at com.mongodb.internal.connection.InternalStreamConnection.receiveCommandMessageResponse(InternalStreamConnection.java:567)
	at com.mongodb.internal.connection.InternalStreamConnection.receive(InternalStreamConnection.java:519)
	at com.mongodb.internal.connection.DefaultServerMonitor$ServerMonitor.doHeartbeat(DefaultServerMonitor.java:311)
	at com.mongodb.internal.connection.DefaultServerMonitor$ServerMonitor.lookupServerDescription(DefaultServerMonitor.java:262)
	at com.mongodb.internal.connection.DefaultServerMonitor$ServerMonitor.run(DefaultServerMonitor.java:203)
Caused by: java.net.SocketTimeoutException: Read timed out
	at java.base/sun.nio.ch.NioSocketImpl.timedRead(NioSocketImpl.java:277)
	at java.base/sun.nio.ch.NioSocketImpl.implRead(NioSocketImpl.java:302)
	at java.base/sun.nio.ch.NioSocketImpl.read(NioSocketImpl.java:354)
	at java.base/sun.nio.ch.NioSocketImpl$1.read(NioSocketImpl.java:798)
	at java.base/java.net.Socket$SocketInputStream.implRead(Socket.java:974)
	at java.base/java.net.Socket$SocketInputStream.read(Socket.java:964)
	at java.base/sun.security.ssl.SSLSocketInputRecord.read(SSLSocketInputRecord.java:489)
	at java.base/sun.security.ssl.SSLSocketInputRecord.readHeader(SSLSocketInputRecord.java:483)
	at java.base/sun.security.ssl.SSLSocketInputRecord.bytesInCompletePacket(SSLSocketInputRecord.java:70)
	at java.base/sun.security.ssl.SSLSocketImpl.readApplicationRecord(SSLSocketImpl.java:1461)
	at java.base/sun.security.ssl.SSLSocketImpl$AppInputStream.read(SSLSocketImpl.java:1068)
	at com.mongodb.internal.connection.SocketStream.read(SocketStream.java:182)
	at com.mongodb.internal.connection.InternalStreamConnection.receiveResponseBuffers(InternalStreamConnection.java:942)
	... 5 common frames omitted
01:15:35.768 {cluster-6a836181ef3705dae1796511-ac-b4cwnqz-shard-00-01.40nmpfs.mongodb.net:27017} INFO  org.mongodb.driver.cluster - Monitor thread successfully connected to server with description ServerDescription{address=ac-b4cwnqz-shard-00-01.40nmpfs.mongodb.net:27017, type=REPLICA_SET_SECONDARY, cryptd=false, state=CONNECTED, ok=true, minWireVersion=0, maxWireVersion=25, maxDocumentSize=16777216, logicalSessionTimeoutMinutes=30, roundTripTimeNanos=111212416, minRoundTripTimeNanos=0, setName='atlas-fzl942-shard-0', canonicalAddress=ac-b4cwnqz-shard-00-01.40nmpfs.mongodb.net:27017, hosts=[ac-b4cwnqz-shard-00-02.40nmpfs.mongodb.net:27017, ac-b4cwnqz-shard-00-01.40nmpfs.mongodb.net:27017, ac-b4cwnqz-shard-00-00.40nmpfs.mongodb.net:27017], passives=[], arbiters=[], primary='ac-b4cwnqz-shard-00-02.40nmpfs.mongodb.net:27017', tagSet=TagSet{[Tag{name='availabilityZone', value='aps1-az3'}, Tag{name='cacheState', value='READY'}, Tag{name='diskState', value='READY'}, Tag{name='nodeType', value='ELECTABLE'}, Tag{name='provider', value='AWS'}, Tag{name='region', value='AP_SOUTH_1'}, Tag{name='workloadType', value='OPERATIONAL'}]}, electionId=null, setVersion=374, topologyVersion=TopologyVersion{processId=6a7a36471f03e2ad87172d12, counter=5}, lastWriteDate=Tue Aug 18 01:15:35 IST 2026, lastUpdateTimeNanos=142442110045125}
