18:00:33.596 {restartedMain} INFO  c.p.ETEjournal.EtEjournalApplication - Starting EtEjournalApplication using Java 25.0.4 with PID 73037 (/Users/prakhar/Downloads/ETEjournal/target/classes started by prakhar in /Users/prakhar/Downloads/ETEjournal)
18:00:33.596 {restartedMain} INFO  c.p.ETEjournal.EtEjournalApplication - The following 1 profile is active: "prod"
18:00:33.709 {restartedMain} INFO  o.s.d.r.c.RepositoryConfigurationDelegate - Bootstrapping Spring Data MongoDB repositories in DEFAULT mode.
18:00:33.715 {restartedMain} INFO  o.s.d.r.c.RepositoryConfigurationDelegate - Finished Spring Data repository scanning in 5 ms. Found 3 MongoDB repository interfaces.
18:00:33.752 {restartedMain} INFO  o.s.boot.tomcat.TomcatWebServer - Tomcat initialized with port 8080 (http)
18:00:33.752 {restartedMain} INFO  o.a.coyote.http11.Http11NioProtocol - Initializing ProtocolHandler ["http-nio-8080"]
18:00:33.752 {restartedMain} INFO  o.a.catalina.core.StandardService - Starting service [Tomcat]
18:00:33.752 {restartedMain} INFO  o.a.catalina.core.StandardEngine - Starting Servlet engine: [Apache Tomcat/11.0.22]
18:00:33.756 {restartedMain} INFO  o.s.b.w.c.s.WebApplicationContextInitializer - Root WebApplicationContext: initialization completed in 158 ms
18:00:33.787 {restartedMain} INFO  org.mongodb.driver.client - MongoClient with metadata {"application": {"name": "Cluster0"}, "driver": {"name": "mongo-java-driver|spring-boot|sync", "version": "5.8.0"}, "os": {"type": "Darwin", "name": "Mac OS X", "architecture": "aarch64", "version": "26.6.1"}, "platform": "Java/Oracle Corporation/25.0.4+7-LTS-189"} created with settings MongoClientSettings{readPreference=primary, writeConcern=WriteConcern{w=null, wTimeout=null ms, journal=null}, retryWrites=true, retryReads=true, readConcern=ReadConcern{level=null}, credential=MongoCredential{mechanism=null, userName='prakharshahi9935_db_user', source='admin', password=<hidden>, mechanismProperties=<hidden>}, transportSettings=null, commandListeners=[], codecRegistry=ProvidersCodecRegistry{codecProviders=[ValueCodecProvider{}, BsonValueCodecProvider{}, DBRefCodecProvider{}, DBObjectCodecProvider{}, DocumentCodecProvider{}, CollectionCodecProvider{}, IterableCodecProvider{}, MapCodecProvider{}, GeoJsonCodecProvider{}, GridFSFileCodecProvider{}, Jsr310CodecProvider{}, JsonObjectCodecProvider{}, BsonCodecProvider{}, com.mongodb.client.model.mql.ExpressionCodecProvider@123f63b9, com.mongodb.Jep395RecordCodecProvider@2a582869, com.mongodb.KotlinCodecProvider@d781038, EnumCodecProvider{}]}, loggerSettings=LoggerSettings{maxDocumentLength=1000}, clusterSettings={hosts=[127.0.0.1:27017], srvHost=cluster0.40nmpfs.mongodb.net, srvServiceName=mongodb, mode=MULTIPLE, requiredClusterType=REPLICA_SET, requiredReplicaSetName='atlas-fzl942-shard-0', serverSelector='null', clusterListeners='[]', serverSelectionTimeout='30000 ms', localThreshold='15 ms'}, socketSettings=SocketSettings{connectTimeoutMS=10000, readTimeoutMS=0, receiveBufferSize=0, proxySettings=ProxySettings{host=null, port=null, username=null, password=null}}, heartbeatSocketSettings=SocketSettings{connectTimeoutMS=10000, readTimeoutMS=10000, receiveBufferSize=0, proxySettings=ProxySettings{host=null, port=null, username=null, password=null}}, connectionPoolSettings=ConnectionPoolSettings{maxSize=100, minSize=0, maxWaitTimeMS=120000, maxConnectionLifeTimeMS=0, maxConnectionIdleTimeMS=0, maintenanceInitialDelayMS=0, maintenanceFrequencyMS=60000, connectionPoolListeners=[], maxConnecting=2}, serverSettings=ServerSettings{heartbeatFrequencyMS=10000, minHeartbeatFrequencyMS=500, serverMonitoringMode=AUTO, serverListeners='[]', serverMonitorListeners='[]'}, sslSettings=SslSettings{enabled=true, invalidHostNameAllowed=false, context=null}, applicationName='Cluster0', compressorList=[], uuidRepresentation=UNSPECIFIED, serverApi=null, autoEncryptionSettings=null, dnsClient=null, inetAddressResolver=null, contextProvider=null, timeoutMS=null}
18:00:33.797 {cluster-ClusterId{value='6a845069aa302ad689ed5a21', description='Cluster0'}-srv-cluster0.40nmpfs.mongodb.net} INFO  org.mongodb.driver.cluster - Adding discovered server ac-b4cwnqz-shard-00-00.40nmpfs.mongodb.net:27017 to client view of cluster
18:00:33.797 {cluster-ClusterId{value='6a845069aa302ad689ed5a21', description='Cluster0'}-srv-cluster0.40nmpfs.mongodb.net} INFO  org.mongodb.driver.cluster - Adding discovered server ac-b4cwnqz-shard-00-02.40nmpfs.mongodb.net:27017 to client view of cluster
18:00:33.797 {cluster-ClusterId{value='6a845069aa302ad689ed5a21', description='Cluster0'}-srv-cluster0.40nmpfs.mongodb.net} INFO  org.mongodb.driver.cluster - Adding discovered server ac-b4cwnqz-shard-00-01.40nmpfs.mongodb.net:27017 to client view of cluster
18:00:33.830 {restartedMain} INFO  org.mongodb.driver.cluster - Waiting for server to become available for operation find with ID 6550. Remaining time: 29999 ms. Selector: ReadPreferenceServerSelector{readPreference=primary}, topology description: {type=REPLICA_SET, servers=[{address=ac-b4cwnqz-shard-00-00.40nmpfs.mongodb.net:27017, type=UNKNOWN, state=CONNECTING}, {address=ac-b4cwnqz-shard-00-01.40nmpfs.mongodb.net:27017, type=UNKNOWN, state=CONNECTING}, {address=ac-b4cwnqz-shard-00-02.40nmpfs.mongodb.net:27017, type=UNKNOWN, state=CONNECTING}].
18:00:33.993 {cluster-6a845069aa302ad689ed5a21-ac-b4cwnqz-shard-00-00.40nmpfs.mongodb.net:27017} INFO  org.mongodb.driver.cluster - Monitor thread successfully connected to server with description ServerDescription{address=ac-b4cwnqz-shard-00-00.40nmpfs.mongodb.net:27017, type=REPLICA_SET_SECONDARY, cryptd=false, state=CONNECTED, ok=true, minWireVersion=0, maxWireVersion=25, maxDocumentSize=16777216, logicalSessionTimeoutMinutes=30, roundTripTimeNanos=57135500, minRoundTripTimeNanos=0, setName='atlas-fzl942-shard-0', canonicalAddress=ac-b4cwnqz-shard-00-00.40nmpfs.mongodb.net:27017, hosts=[ac-b4cwnqz-shard-00-02.40nmpfs.mongodb.net:27017, ac-b4cwnqz-shard-00-01.40nmpfs.mongodb.net:27017, ac-b4cwnqz-shard-00-00.40nmpfs.mongodb.net:27017], passives=[], arbiters=[], primary='ac-b4cwnqz-shard-00-02.40nmpfs.mongodb.net:27017', tagSet=TagSet{[Tag{name='availabilityZone', value='aps1-az1'}, Tag{name='cacheState', value='READY'}, Tag{name='diskState', value='READY'}, Tag{name='nodeType', value='ELECTABLE'}, Tag{name='provider', value='AWS'}, Tag{name='region', value='AP_SOUTH_1'}, Tag{name='workloadType', value='OPERATIONAL'}]}, electionId=null, setVersion=374, topologyVersion=TopologyVersion{processId=6a7a3120dcd7f05a3d5ce9cd, counter=11}, lastWriteDate=Tue Aug 18 18:00:34 IST 2026, lastUpdateTimeNanos=168646604328625}
18:00:33.994 {cluster-6a845069aa302ad689ed5a21-ac-b4cwnqz-shard-00-01.40nmpfs.mongodb.net:27017} INFO  org.mongodb.driver.cluster - Monitor thread successfully connected to server with description ServerDescription{address=ac-b4cwnqz-shard-00-01.40nmpfs.mongodb.net:27017, type=REPLICA_SET_SECONDARY, cryptd=false, state=CONNECTED, ok=true, minWireVersion=0, maxWireVersion=25, maxDocumentSize=16777216, logicalSessionTimeoutMinutes=30, roundTripTimeNanos=59048708, minRoundTripTimeNanos=0, setName='atlas-fzl942-shard-0', canonicalAddress=ac-b4cwnqz-shard-00-01.40nmpfs.mongodb.net:27017, hosts=[ac-b4cwnqz-shard-00-02.40nmpfs.mongodb.net:27017, ac-b4cwnqz-shard-00-01.40nmpfs.mongodb.net:27017, ac-b4cwnqz-shard-00-00.40nmpfs.mongodb.net:27017], passives=[], arbiters=[], primary='ac-b4cwnqz-shard-00-02.40nmpfs.mongodb.net:27017', tagSet=TagSet{[Tag{name='availabilityZone', value='aps1-az3'}, Tag{name='cacheState', value='READY'}, Tag{name='diskState', value='READY'}, Tag{name='nodeType', value='ELECTABLE'}, Tag{name='provider', value='AWS'}, Tag{name='region', value='AP_SOUTH_1'}, Tag{name='workloadType', value='OPERATIONAL'}]}, electionId=null, setVersion=374, topologyVersion=TopologyVersion{processId=6a7a36471f03e2ad87172d12, counter=5}, lastWriteDate=Tue Aug 18 18:00:34 IST 2026, lastUpdateTimeNanos=168646606216791}
18:00:34.030 {cluster-6a845069aa302ad689ed5a21-ac-b4cwnqz-shard-00-02.40nmpfs.mongodb.net:27017} INFO  org.mongodb.driver.cluster - Monitor thread successfully connected to server with description ServerDescription{address=ac-b4cwnqz-shard-00-02.40nmpfs.mongodb.net:27017, type=REPLICA_SET_PRIMARY, cryptd=false, state=CONNECTED, ok=true, minWireVersion=0, maxWireVersion=25, maxDocumentSize=16777216, logicalSessionTimeoutMinutes=30, roundTripTimeNanos=94946708, minRoundTripTimeNanos=0, setName='atlas-fzl942-shard-0', canonicalAddress=ac-b4cwnqz-shard-00-02.40nmpfs.mongodb.net:27017, hosts=[ac-b4cwnqz-shard-00-02.40nmpfs.mongodb.net:27017, ac-b4cwnqz-shard-00-01.40nmpfs.mongodb.net:27017, ac-b4cwnqz-shard-00-00.40nmpfs.mongodb.net:27017], passives=[], arbiters=[], primary='ac-b4cwnqz-shard-00-02.40nmpfs.mongodb.net:27017', tagSet=TagSet{[Tag{name='availabilityZone', value='aps1-az2'}, Tag{name='cacheState', value='READY'}, Tag{name='diskState', value='READY'}, Tag{name='nodeType', value='ELECTABLE'}, Tag{name='provider', value='AWS'}, Tag{name='region', value='AP_SOUTH_1'}, Tag{name='workloadType', value='OPERATIONAL'}]}, electionId=7fffffff0000000000000162, setVersion=374, topologyVersion=TopologyVersion{processId=6a7a33a9f52e0e3f522ec1b1, counter=10}, lastWriteDate=Tue Aug 18 18:00:34 IST 2026, lastUpdateTimeNanos=168646642226750}
18:00:34.031 {cluster-6a845069aa302ad689ed5a21-ac-b4cwnqz-shard-00-02.40nmpfs.mongodb.net:27017} INFO  org.mongodb.driver.cluster - Discovered replica set primary ac-b4cwnqz-shard-00-02.40nmpfs.mongodb.net:27017 with max election id 7fffffff0000000000000162 and max set version 374
18:00:34.253 {restartedMain} WARN  o.s.b.w.s.s.c.AnnotationConfigServletWebServerApplicationContext - Exception encountered during context initialization - cancelling refresh attempt: org.springframework.beans.factory.BeanCreationException: Error creating bean with name 'emailService' defined in file [/Users/prakhar/Downloads/ETEjournal/target/classes/com/prakhar/ETEjournal/Service/EmailService.class]: Post-processing of merged bean definition failed
18:00:34.281 {restartedMain} INFO  o.a.catalina.core.StandardService - Stopping service [Tomcat]
18:00:34.283 {restartedMain} INFO  o.s.b.a.l.ConditionEvaluationReportLogger - 

Error starting ApplicationContext. To display the condition evaluation report re-run your application with 'debug' enabled.
18:00:34.284 {restartedMain} ERROR o.s.boot.SpringApplication - Application run failed
org.springframework.beans.factory.BeanCreationException: Error creating bean with name 'emailService' defined in file [/Users/prakhar/Downloads/ETEjournal/target/classes/com/prakhar/ETEjournal/Service/EmailService.class]: Post-processing of merged bean definition failed
	at org.springframework.beans.factory.support.AbstractAutowireCapableBeanFactory.doCreateBean(AbstractAutowireCapableBeanFactory.java:580)
	at org.springframework.beans.factory.support.AbstractAutowireCapableBeanFactory.createBean(AbstractAutowireCapableBeanFactory.java:525)
	at org.springframework.beans.factory.support.AbstractBeanFactory.lambda$doGetBean$0(AbstractBeanFactory.java:333)
	at org.springframework.beans.factory.support.DefaultSingletonBeanRegistry.getSingleton(DefaultSingletonBeanRegistry.java:371)
	at org.springframework.beans.factory.support.AbstractBeanFactory.doGetBean(AbstractBeanFactory.java:331)
	at org.springframework.beans.factory.support.AbstractBeanFactory.getBean(AbstractBeanFactory.java:196)
	at org.springframework.beans.factory.support.DefaultListableBeanFactory.instantiateSingleton(DefaultListableBeanFactory.java:1225)
	at org.springframework.beans.factory.support.DefaultListableBeanFactory.preInstantiateSingleton(DefaultListableBeanFactory.java:1191)
	at org.springframework.beans.factory.support.DefaultListableBeanFactory.preInstantiateSingletons(DefaultListableBeanFactory.java:1121)
	at org.springframework.context.support.AbstractApplicationContext.finishBeanFactoryInitialization(AbstractApplicationContext.java:994)
	at org.springframework.context.support.AbstractApplicationContext.refresh(AbstractApplicationContext.java:621)
	at org.springframework.boot.web.server.servlet.context.ServletWebServerApplicationContext.refresh(ServletWebServerApplicationContext.java:143)
	at org.springframework.boot.SpringApplication.refresh(SpringApplication.java:756)
	at org.springframework.boot.SpringApplication.refreshContext(SpringApplication.java:445)
	at org.springframework.boot.SpringApplication.run(SpringApplication.java:321)
	at org.springframework.boot.SpringApplication.run(SpringApplication.java:1365)
	at org.springframework.boot.SpringApplication.run(SpringApplication.java:1354)
	at com.prakhar.ETEjournal.EtEjournalApplication.main(EtEjournalApplication.java:19)
	at java.base/jdk.internal.reflect.DirectMethodHandleAccessor.invoke(DirectMethodHandleAccessor.java:104)
	at java.base/java.lang.reflect.Method.invoke(Method.java:565)
	at org.springframework.boot.devtools.restart.RestartLauncher.run(RestartLauncher.java:52)
Caused by: java.lang.IllegalStateException: Failed to introspect Class [com.prakhar.ETEjournal.Service.EmailService] from ClassLoader [org.springframework.boot.devtools.restart.classloader.RestartClassLoader@562c7bdf]
	at org.springframework.util.ReflectionUtils.getDeclaredFields(ReflectionUtils.java:756)
	at org.springframework.util.ReflectionUtils.doWithLocalFields(ReflectionUtils.java:689)
	at org.springframework.context.annotation.CommonAnnotationBeanPostProcessor.buildResourceMetadata(CommonAnnotationBeanPostProcessor.java:407)
	at org.springframework.context.annotation.CommonAnnotationBeanPostProcessor.findResourceMetadata(CommonAnnotationBeanPostProcessor.java:388)
	at org.springframework.context.annotation.CommonAnnotationBeanPostProcessor.postProcessMergedBeanDefinition(CommonAnnotationBeanPostProcessor.java:291)
	at org.springframework.beans.factory.support.AbstractAutowireCapableBeanFactory.applyMergedBeanDefinitionPostProcessors(AbstractAutowireCapableBeanFactory.java:1112)
	at org.springframework.beans.factory.support.AbstractAutowireCapableBeanFactory.doCreateBean(AbstractAutowireCapableBeanFactory.java:577)
	... 20 common frames omitted
Caused by: java.lang.NoClassDefFoundError: org/springframework/mail/javamail/JavaMailSender
	at java.base/java.lang.Class.getDeclaredFields0(Native Method)
	at java.base/java.lang.Class.privateGetDeclaredFields(Class.java:2917)
	at java.base/java.lang.Class.getDeclaredFields(Class.java:2247)
	at org.springframework.util.ReflectionUtils.getDeclaredFields(ReflectionUtils.java:751)
	... 26 common frames omitted
Caused by: java.lang.ClassNotFoundException: org.springframework.mail.javamail.JavaMailSender
	at java.base/jdk.internal.loader.BuiltinClassLoader.loadClass(BuiltinClassLoader.java:580)
	at java.base/java.lang.ClassLoader.loadClass(ClassLoader.java:490)
	at java.base/java.lang.Class.forName0(Native Method)
	at java.base/java.lang.Class.forName(Class.java:547)
	at org.springframework.boot.devtools.restart.classloader.RestartClassLoader.loadClass(RestartClassLoader.java:123)
	at java.base/java.lang.ClassLoader.loadClass(ClassLoader.java:490)
	... 30 common frames omitted
